node.exe : npm warn Unknown project config 
"strict-peer-dependencies". This will stop working 
in the next major version of npm.
At C:\Users\nivla\AppData\Roaming\npm\npm.ps1:24 
char:5
+     & "node$exe"  
"$basedir/node_modules/npm/bin/npm-cli.js" $args
+     ~~~~~~~~~~~~~~~~~~~~~~~~~~~~~~~~~~~~~~~~~~~~~~~
~~~~~~~~~~~~~~~
    + CategoryInfo          : NotSpecified: (npm war 
   n Unknow...version of npm.:String) [], RemoteExc  
  eption
    + FullyQualifiedErrorId : NativeCommandError
 
npm warn Unknown project config 
"auto-install-peers". This will stop working in the 
next major version of npm.
npm warn using --force Recommended protections 
disabled.

> edintel-app@1.0.0 prebuild
> node -e "const fs = require('fs'); if (fs.existsSync('.next')) fs.rmSync('.next', { recursive: true, force: true });"


> edintel-app@1.0.0 build
> next build

   Γû▓ Next.js 15.1.12
   - Environments: .env.production.local, .env.local, .env.production, .env

   Creating an optimized production build ...
 Γ£ô Compiled successfully
   Linting and checking validity of types ...

Failed to compile.

./src/app/api/auth/set-role/route.ts
3:10  Error: 'cookies' is defined but never used.  
unused-imports/no-unused-imports

./src/app/api/fleet/route.ts
1:10  Error: 'NextRequest' is defined but never 
used.  unused-imports/no-unused-imports
3:10  Error: 'getSession' is defined but never used. 
 unused-imports/no-unused-imports

./src/app/api/health/route.ts
14:17  Error: Use "@ts-expect-error" instead of 
"@ts-ignore", as "@ts-ignore" will do nothing if the 
following line is error-free.  
@typescript-eslint/ban-ts-comment

./src/app/layout.tsx
91:9  Warning: Custom fonts not added in 
`pages/_document.js` will only load for a single 
page. This is discouraged. See: 
https://nextjs.org/docs/messages/no-page-custom-font 
 @next/next/no-page-custom-font

./src/app/videos/page.tsx
2:8  Error: 'VideoGallery' is defined but never 
used.  unused-imports/no-unused-imports

./src/app/videos/VideosPageClient.tsx
81:19  Warning: Using `<img>` could result in slower 
LCP and higher bandwidth. Consider using `<Image />` 
from `next/image` or a custom image loader to 
automatically optimize images. This may incur 
additional usage or cost from your provider. See: 
https://nextjs.org/docs/messages/no-img-element  
@next/next/no-img-element

./src/app/videos/[id]/page.tsx
139:27  Warning: Using `<img>` could result in 
slower LCP and higher bandwidth. Consider using 
`<Image />` from `next/image` or a custom image 
loader to automatically optimize images. This may 
incur additional usage or cost from your provider. 
See: https://nextjs.org/docs/messages/no-img-element 
 @next/next/no-img-element

./src/components/bento/easy-deployment.tsx
12:58  Warning: 'width' is assigned a value but 
never used. Allowed unused args must match /^_/u.  
unused-imports/no-unused-vars
12:74  Warning: 'height' is assigned a value but 
never used. Allowed unused args must match /^_/u.  
unused-imports/no-unused-vars

./src/components/bento/PrivacyPolicy.tsx
3:10  Error: 'CARBON_FIBRE_BG' is defined but never 
used.  unused-imports/no-unused-imports

./src/components/edintel-core/EdIntelCore.tsx
13:12  Warning: 'pulseIntensity' is assigned a value 
but never used. Allowed unused vars must match 
/^_/u.  unused-imports/no-unused-vars

./src/components/VideoGallery.tsx
119:13  Warning: Using `<img>` could result in 
slower LCP and higher bandwidth. Consider using 
`<Image />` from `next/image` or a custom image 
loader to automatically optimize images. This may 
incur additional usage or cost from your provider. 
See: https://nextjs.org/docs/messages/no-img-element 
 @next/next/no-img-element

./src/lib/actions/auth.ts
38:5  Error: Use "@ts-expect-error" instead of 
"@ts-ignore", as "@ts-ignore" will do nothing if the 
following line is error-free.  
@typescript-eslint/ban-ts-comment

info  - Need to disable some ESLint rules? Learn 
more here: https://nextjs.org/docs/app/api-reference/
config/eslint#disabling-rules
