   Γû▓ Next.js 15.5.15
   - Environments: .env.production.local, .env.local, .env.production, .env
   - Experiments (use with caution):
     ┬╖ serverActions

   Creating an optimized production build ...
node.exe : Failed to compile.
At line:1 char:1
+ & "C:\nvm4w\nodejs/node.exe" "C:\nvm4w\nodejs/node_modules/npm/bin/np ...
+ ~~~~~~~~~~~~~~~~~~~~~~~~~~~~~~~~~~~~~~~~~~~~~~~~~~~~~~~~~~~~~~~~~~~~~
    + CategoryInfo          : NotSpecified: (Failed to compile.:String) [], RemoteException
    + FullyQualifiedErrorId : NativeCommandError
 

./src/lib/actions/auth.ts
Error:   [31mx[0m 'import', and 'export' cannot be used outside of module code
     ,-[[36;1;4mC:\Users\nivla\edintel-app\src\lib\actions\auth.ts[0m:151:1]
 [2m148[0m |  * 2. Initiates the Better Auth social provider handshake.
 [2m149[0m |  * 3. Returns a secure redirect URL or error state.
 [2m150[0m |  */
 [2m151[0m | export async function executeSocialUplink(provider: 'google' | 'github' | 'microsoft', turnstileToken?: 
string) {
     : [35;1m^^^^^^[0m
 [2m152[0m |     console.log(`[AuthAction] executeSocialUplink initiated for provider: ${provider}`);
 [2m153[0m |     
 [2m153[0m |     try {
     `----

Caused by:
    Syntax Error

Import trace for requested module:
./src/lib/actions/auth.ts
./src/app/login/LoginClient.tsx

./src/lib/prisma.ts
Module not found: Can't resolve '@/generated/prisma'

https://nextjs.org/docs/messages/module-not-found

Import trace for requested module:
./src/lib/legacy-ledger.ts
./src/lib/ResilienceEngine.ts
./src/components/admin/SovereignBriefing.tsx

./src/app/api/auth/set-role/route.ts
Module not found: Can't resolve '@/generated/prisma'

https://nextjs.org/docs/messages/module-not-found

./src/app/onboarding/verify/page.tsx
Error:   [31mx[0m `ssr: false` is not allowed with `next/dynamic` in Server Components. Please move it into a Client 
Component.
   ,-[[36;1;4mC:\Users\nivla\edintel-app\src\app\onboarding\verify\page.tsx[0m:5:1]
 [2m2[0m | import VerifyInstitutionalNode from '@/components/onboarding/VerifyInstitutionalNode';
 [2m3[0m | import dynamic from 'next/dynamic';
 [2m4[0m | 
 [2m5[0m | const ParticleBackground = dynamic(() => import('@/components/ui/Cinematic').then(mod => 
mod.ParticleBackground), { ssr: false });
   : [35;1m                           
^^^^^^^^^^^^^^^^^^^^^^^^^^^^^^^^^^^^^^^^^^^^^^^^^^^^^^^^^^^^^^^^^^^^^^^^^^^^^^^^^^^^^^^^^^^^^^^^^^^^^^[0m
 [2m6[0m | 
 [2m7[0m | export const metadata = {
 [2m8[0m |     title: 'Institutional Verification | EdIntel Sovereign',
   `----

Import trace for requested module:
./src/app/onboarding/verify/page.tsx

./src/lib/prisma.ts
Module not found: Can't resolve '@/generated/prisma'

https://nextjs.org/docs/messages/module-not-found

Import trace for requested module:
./src/lib/actions/iep-actions.ts
./node_modules/next/dist/build/webpack/loaders/next-flight-action-entry-loader.js?actions=%5B%5B%22C%3A%5C%5CUsers%5C%5
Cnivla%5C%5Cedintel-app%5C%5Csrc%5C%5Clib%5C%5Cactions%5C%5Ciep-actions.ts%22%2C%5B%7B%22id%22%3A%2240a922edff29ab50faa
7b8ee91da55368cc37579ea%22%2C%22exportedName%22%3A%22generateIEPWithToken%22%2C%22filename%22%3A%22..%2FC%3A%5C%5CUsers
%5C%5Cnivla%5C%5Cedintel-app%5C%5Csrc%5C%5Clib%5C%5Cactions%5C%5Ciep-actions.ts%22%7D%5D%5D%2C%5B%22C%3A%5C%5CUsers%5C%
5Cnivla%5C%5Cedintel-app%5C%5Csrc%5C%5Capp%5C%5Cactions%5C%5Cprofessional-stripe.ts%22%2C%5B%7B%22id%22%3A%22003ef89e4d
da6470dc85cf611d80ee2038b6821dea%22%2C%22exportedName%22%3A%22getStripeHandshake%22%2C%22filename%22%3A%22..%2FC%3A%5C%
5CUsers%5C%5Cnivla%5C%5Cedintel-app%5C%5Csrc%5C%5Capp%5C%5Cactions%5C%5Cprofessional-stripe.ts%22%7D%2C%7B%22id%22%3A%2
270d5065cb5b1a1bb7d45276b0404ca22b51e2c21dd%22%2C%22exportedName%22%3A%22createEdIntelCheckout%22%2C%22filename%22%3A%2
2..%2FC%3A%5C%5CUsers%5C%5Cnivla%5C%5Cedintel-app%5C%5Csrc%5C%5Capp%5C%5Cactions%5C%5Cprofessional-stripe.ts%22%7D%5D%5
D%5D&__client_imported__=true!


> Build failed because of webpack errors
