node.exe : npm warn 
Unknown project 
config "strict-peer-de
pendencies". This 
will stop working in 
the next major 
version of npm.
At C:\Users\nivla\AppD
ata\Roaming\npm\npm.ps
1:24 char:5
+     & "node$exe"  "$
basedir/node_modules/n
pm/bin/npm-cli.js" 
$args
+     ~~~~~~~~~~~~~~~~
~~~~~~~~~~~~~~~~~~~~~~
~~~~~~~~~~~~~~~~~~~~~~
~~
    + CategoryInfo    
          : NotSpeci  
  fied: (npm warn U   
 nknow...version o    
f npm.:String) []    
, RemoteException
    + FullyQualifiedE 
   rrorId : NativeCo  
  mmandError
 
npm warn Unknown 
project config 
"auto-install-peers". 
This will stop 
working in the next 
major version of npm.

> edintel-app@1.0.0 prebuild
> rm -rf .next

'rm' is not 
recognized as an 
internal or external 
command,
operable program or 
batch file.
