node.exe : npm warn Unknown 
project config 
"strict-peer-dependencies". This 
will stop working in the next 
major version of npm.
At line:1 char:1
+ & "C:\nvm4w\nodejs/node.exe" "C
:\nvm4w\nodejs/node_modules/npm/b
in/np ...
+ ~~~~~~~~~~~~~~~~~~~~~~~~~~~~~~~
~~~~~~~~~~~~~~~~~~~~~~~~~~~~~~~~~
~~~~~
    + CategoryInfo          : No 
   tSpecified: (npm warn Unknow  
  ...version of npm.:String) [   
 ], RemoteException
    + FullyQualifiedErrorId : Na 
   tiveCommandError
 
npm warn Unknown project config 
"auto-install-peers". This will 
stop working in the next major 
version of npm.
npm warn using --force 
Recommended protections disabled.
.next/types/app/(dashboard)/briefings/[slug]/data/page.ts(34,29): error TS2344: Type 'PageProps' does not satisfy the constraint 'import("C:/Users/nivla/edintel-app/.next/types/app/(dashboard)/briefings/[slug]/data/page").PageProps'.
  Types of property 'params' are incompatible.
    Type '{ slug: string; }' is missing the following properties from type 'Promise<any>': then, catch, finally, [Symbol.toStringTag]
.next/types/app/(dashboard)/briefings/[slug]/data/page.ts(38,31): error TS2344: Type 'PageProps' does not satisfy the constraint 'import("C:/Users/nivla/edintel-app/.next/types/app/(dashboard)/briefings/[slug]/data/page").PageProps'.
  Types of property 'params' are incompatible.
    Type '{ slug: string; }' is missing the following properties from type 'Promise<any>': then, catch, finally, [Symbol.toStringTag]
.next/types/app/(dashboard)/briefings/[slug]/page.ts(34,29): error TS2344: Type 'PageProps' does not satisfy the constraint 'import("C:/Users/nivla/edintel-app/.next/types/app/(dashboard)/briefings/[slug]/page").PageProps'.
  Types of property 'params' are incompatible.
    Type '{ slug: string; }' is missing the following properties from type 'Promise<any>': then, catch, finally, [Symbol.toStringTag]
.next/types/app/(dashboard)/briefings/[slug]/page.ts(38,31): error TS2344: Type 'PageProps' does not satisfy the constraint 'import("C:/Users/nivla/edintel-app/.next/types/app/(dashboard)/briefings/[slug]/page").PageProps'.
  Types of property 'params' are incompatible.
    Type '{ slug: string; }' is missing the following properties from type 'Promise<any>': then, catch, finally, [Symbol.toStringTag]
src/app/(dashboard)/briefings/[slug]/data/page.tsx(4,10): error TS2305: Module '"../actions"' has no exported member 'isBriefingUnlocked'.
src/app/(dashboard)/briefings/[slug]/data/page.tsx(29,39): error TS2339: Property 'get' does not exist on type 'Promise<ReadonlyRequestCookies>'.
src/app/(dashboard)/briefings/actions.ts(32,39): error TS2339: Property 'get' does not exist on type 'Promise<ReadonlyRequestCookies>'.
src/test/example.test.ts(1,38): error TS2307: Cannot find module 'vitest' or its corresponding type declarations.
